  lexeme: CREATE token: CREATE line: 1  col: 1
  lexeme: TABLE token: TABLE line: 1  col: 8
  lexeme: students token: IDENTIFIER line: 1  col: 14
  lexeme: ( token: LPAR line: 1  col: 23
  lexeme: id token: IDENTIFIER line: 1  col: 24
  lexeme: INT token: INT line: 1  col: 27
  lexeme: , token: COMMA line: 1  col: 30
  lexeme: name token: IDENTIFIER line: 1  col: 32
  lexeme: TEXT token: TEXT line: 1  col: 37
  lexeme: , token: COMMA line: 1  col: 41
  lexeme: age token: IDENTIFIER line: 1  col: 43
  lexeme: INT token: INT line: 1  col: 47
  lexeme: ) token: RPAR line: 1  col: 50
  lexeme: ; token: SEMICOLON line: 1  col: 51
  lexeme: INSERT token: INSERT line: 2  col: 1
  lexeme: INTO token: INTO line: 2  col: 8
  lexeme: students token: IDENTIFIER line: 2  col: 13
  lexeme: VALUES token: VALUES line: 2  col: 22
  lexeme: ( token: LPAR line: 2  col: 29
  lexeme: 1 token: NUMBER line: 2  col: 30
  lexeme: , token: COMMA line: 2  col: 31
  lexeme: 'Ali' token: STRING line: 2  col: 33
  lexeme: , token: COMMA line: 2  col: 38
  lexeme: 20 token: NUMBER line: 2  col: 40
  lexeme: ) token: RPAR line: 2  col: 42
  lexeme: ; token: SEMICOLON line: 2  col: 43
  lexeme: SELECT token: SELECT line: 3  col: 1
  lexeme: * token: STAR line: 3  col: 8
  lexeme: FROM token: FROM line: 3  col: 10
  lexeme: students token: IDENTIFIER line: 3  col: 15
  lexeme: ; token: SEMICOLON line: 3  col: 23
  lexeme: SELECT token: SELECT line: 4  col: 1
  lexeme: name token: IDENTIFIER line: 4  col: 8
  lexeme: , token: COMMA line: 4  col: 12
  lexeme: age token: IDENTIFIER line: 4  col: 14
  lexeme: FROM token: FROM line: 4  col: 18
  lexeme: students token: IDENTIFIER line: 4  col: 23
  lexeme: WHERE token: WHERE line: 4  col: 32
  lexeme: id token: IDENTIFIER line: 4  col: 38
  lexeme: = token: ASSIGN line: 4  col: 41
  lexeme: 1 token: NUMBER line: 4  col: 43
  lexeme: ; token: SEMICOLON line: 4  col: 44
  lexeme: SELECT token: SELECT line: 5  col: 1
  lexeme: * token: STAR line: 5  col: 8
  lexeme: FROM token: FROM line: 5  col: 10
  lexeme: students token: IDENTIFIER line: 5  col: 15
  lexeme: WHERE token: WHERE line: 5  col: 24
  lexeme: age token: IDENTIFIER line: 5  col: 30
  lexeme: > token: GREATER_THAN line: 5  col: 34
  lexeme: 20 token: NUMBER line: 5  col: 36
  lexeme: AND token: AND line: 5  col: 39
  lexeme: name token: IDENTIFIER line: 5  col: 43
  lexeme: = token: ASSIGN line: 5  col: 48
  lexeme: 'Sara' token: STRING line: 5  col: 50
  lexeme: ; token: SEMICOLON line: 5  col: 56
  lexeme: SELECT token: SELECT line: 6  col: 1
  lexeme: * token: STAR line: 6  col: 8
  lexeme: FROM token: FROM line: 6  col: 10
  lexeme: students token: IDENTIFIER line: 6  col: 15
  lexeme: WHERE token: WHERE line: 6  col: 24
  lexeme: ( token: LPAR line: 6  col: 30
  lexeme: age token: IDENTIFIER line: 6  col: 31
  lexeme: > token: GREATER_THAN line: 6  col: 35
  lexeme: 20 token: NUMBER line: 6  col: 37
  lexeme: AND token: AND line: 6  col: 40
  lexeme: age token: IDENTIFIER line: 6  col: 44
  lexeme: < token: LESS_THAN line: 6  col: 48
  lexeme: 30 token: NUMBER line: 6  col: 50
  lexeme: ) token: RPAR line: 6  col: 52
  lexeme: OR token: OR line: 6  col: 54
  lexeme: name token: IDENTIFIER line: 6  col: 57
  lexeme: = token: ASSIGN line: 6  col: 62
  lexeme: 'Ali' token: STRING line: 6  col: 64
  lexeme: ; token: SEMICOLON line: 6  col: 69
  lexeme: UPDATE token: UPDATE line: 7  col: 1
  lexeme: students token: IDENTIFIER line: 7  col: 8
  lexeme: SET token: SET line: 7  col: 17
  lexeme: age token: IDENTIFIER line: 7  col: 21
  lexeme: = token: ASSIGN line: 7  col: 25
  lexeme: 21 token: NUMBER line: 7  col: 27
  lexeme: WHERE token: WHERE line: 7  col: 30
  lexeme: id token: IDENTIFIER line: 7  col: 36
  lexeme: = token: ASSIGN line: 7  col: 39
  lexeme: 1 token: NUMBER line: 7  col: 41
  lexeme: ; token: SEMICOLON line: 7  col: 42
  lexeme: DELETE token: DELETE line: 8  col: 1
  lexeme: FROM token: FROM line: 8  col: 8
  lexeme: students token: IDENTIFIER line: 8  col: 13
  lexeme: WHERE token: WHERE line: 8  col: 22
  lexeme: age token: IDENTIFIER line: 8  col: 28
  lexeme: < token: LESS_THAN line: 8  col: 32
  lexeme: 18 token: NUMBER line: 8  col: 34
  lexeme: ; token: SEMICOLON line: 8  col: 36


--- Phase 2: Parse Trees ---


--- Statement 1 ---

                                CreateStmt
---+---------+------+---------+------+---+----+------+------+-----+-----+----+---+
   |         |      |         |          |    |      |      |     |     |    |   |
 TABLE   students   (   ColumnDefList   id   INT   name   TEXT   age   INT   )   ;


--- Statement 2 ---

                                InsertStmt
   +-------+--------+---------+-----++------+-------+-----+------+---+---+
   |       |        |         |     |       |       |     |      |   |   |
INSERT   INTO   students   VALUES   (   ValueList   1   'Ali'   20   )   ;


--- Statement 3 ---

                                SelectStmt
            +----------+-------+-----+--------+----------+------+
            |          |       |     |        |          |      |
         SELECT   SelectList   *   FROM   students   WhereOpt   ;


--- Statement 4 ---

                                SelectStmt
         +----------+---------+-----++-----+--------+--------+-----+
         |          |         |     |      |        |        |     |
      SELECT   SelectList   name   age   FROM   students   Where   ;
                                                             |
                                                             |
                                                             |
                                                             |


--- Statement 5 ---

                                SelectStmt
              +----------+-------+---+-+--------+--------+-----+
              |          |       |     |        |        |     |
           SELECT   SelectList   *   FROM   students   Where   ;
                                                         |
                                                         |
                                                         |
                                                         |
                                                         |
                                                         |
                                                         |
                                                         |


--- Statement 6 ---

                                SelectStmt
              +----------+-------+---+-+--------+--------+-----+
              |          |       |     |        |        |     |
           SELECT   SelectList   *   FROM   students   Where   ;
                                                         |
                                                         |
                                                         |
                                                         |
                                                         |
                                                         |
                                                         |
                                                         |
                                                         |
                                                         |
                                                         |
                                                         |


--- Statement 7 ---

                                UpdateStmt
         +---------+-------+---------+--------+----+----+-----+-----+
         |         |       |         |        |    |    |     |     |
      UPDATE   students   SET   AssignList   age   =   21   Where   ;
                                                              |
                                                              |
                                                              |
                                                              |


--- Statement 8 ---

                                DeleteStmt
                      +-------+------+-+--------+-----+
                      |       |        |        |     |
                   DELETE   FROM   students   Where   ;
                                                |
                                                |
                                                |
                                                |

